pipdeptree==2.2.0
  - pip [required: >=6.0.0, installed: 21.3.1]
setuptools==59.6.0
wheel==0.37.1
