appnope==0.1.2
backcall==0.2.0
click==8.0.3
  - importlib-metadata [required: Any, installed: 4.8.3]
    - typing-extensions [required: >=3.6.4, installed: 4.0.1]
    - zipp [required: >=0.5, installed: 3.6.0]
dataclasses==0.8
decorator==5.1.0
Flask==1.1.2
  - click [required: >=5.1, installed: 8.0.3]
    - importlib-metadata [required: Any, installed: 4.8.3]
      - typing-extensions [required: >=3.6.4, installed: 4.0.1]
      - zipp [required: >=0.5, installed: 3.6.0]
  - itsdangerous [required: >=0.24, installed: 2.0.1]
  - Jinja2 [required: >=2.10.1, installed: 3.0.3]
    - MarkupSafe [required: >=2.0, installed: 2.0.1]
  - Werkzeug [required: >=0.15, installed: 2.0.2]
    - dataclasses [required: Any, installed: 0.8]
Flask-Script==2.0.6
  - Flask [required: Any, installed: 1.1.2]
    - click [required: >=5.1, installed: 8.0.3]
      - importlib-metadata [required: Any, installed: 4.8.3]
        - typing-extensions [required: >=3.6.4, installed: 4.0.1]
        - zipp [required: >=0.5, installed: 3.6.0]
    - itsdangerous [required: >=0.24, installed: 2.0.1]
    - Jinja2 [required: >=2.10.1, installed: 3.0.3]
      - MarkupSafe [required: >=2.0, installed: 2.0.1]
    - Werkzeug [required: >=0.15, installed: 2.0.2]
      - dataclasses [required: Any, installed: 0.8]
gnureadline==8.0.0
importlib-metadata==4.8.3
  - typing-extensions [required: >=3.6.4, installed: 4.0.1]
  - zipp [required: >=0.5, installed: 3.6.0]
ipython==7.13.0
  - appnope [required: Any, installed: 0.1.2]
  - backcall [required: Any, installed: 0.2.0]
  - decorator [required: Any, installed: 5.1.0]
  - jedi [required: >=0.10, installed: 0.18.1]
    - parso [required: >=0.8.0,<0.9.0, installed: 0.8.3]
  - pexpect [required: Any, installed: 4.8.0]
    - ptyprocess [required: >=0.5, installed: 0.7.0]
  - pickleshare [required: Any, installed: 0.7.5]
  - prompt-toolkit [required: >=2.0.0,<3.1.0,!=3.0.1,!=3.0.0, installed: 3.0.24]
    - wcwidth [required: Any, installed: 0.2.5]
  - pygments [required: Any, installed: 2.11.1]
  - setuptools [required: >=18.5, installed: 59.6.0]
  - traitlets [required: >=4.2, installed: 4.3.3]
    - decorator [required: Any, installed: 5.1.0]
    - ipython-genutils [required: Any, installed: 0.2.0]
    - six [required: Any, installed: 1.16.0]
ipython-genutils==0.2.0
itsdangerous==2.0.1
jedi==0.18.1
  - parso [required: >=0.8.0,<0.9.0, installed: 0.8.3]
Jinja2==3.0.3
  - MarkupSafe [required: >=2.0, installed: 2.0.1]
MarkupSafe==2.0.1
parso==0.8.3
pexpect==4.8.0
  - ptyprocess [required: >=0.5, installed: 0.7.0]
pickleshare==0.7.5
pip==21.3.1
pipdeptree==2.2.0
  - pip [required: >=6.0.0, installed: 21.3.1]
prompt-toolkit==3.0.24
  - wcwidth [required: Any, installed: 0.2.5]
ptyprocess==0.7.0
Pygments==2.11.1
pymongo==3.10.1
redis==3.4.1
setuptools==59.6.0
six==1.16.0
slugify==0.0.1
traitlets==4.3.3
  - decorator [required: Any, installed: 5.1.0]
  - ipython-genutils [required: Any, installed: 0.2.0]
  - six [required: Any, installed: 1.16.0]
typing-extensions==4.0.1
wcwidth==0.2.5
Werkzeug==2.0.2
  - dataclasses [required: Any, installed: 0.8]
wheel==0.37.1
zipp==3.6.0
