click==8.0.3
  - Flask==1.1.2 [requires: click>=5.1]
    - Flask-Script==2.0.6 [requires: Flask]
decorator==5.1.0
  - ipython==7.13.0 [requires: decorator]
  - traitlets==4.3.3 [requires: decorator]
    - ipython==7.13.0 [requires: traitlets>=4.2]
