ipython==7.13.0
  - appnope [required: Any, installed: 0.1.2]
  - backcall [required: Any, installed: 0.2.0]
  - decorator [required: Any, installed: 5.1.0]
  - jedi [required: >=0.10, installed: 0.18.1]
    - parso [required: >=0.8.0,<0.9.0, installed: 0.8.3]
  - pexpect [required: Any, installed: 4.8.0]
    - ptyprocess [required: >=0.5, installed: 0.7.0]
  - pickleshare [required: Any, installed: 0.7.5]
  - prompt-toolkit [required: >=2.0.0,<3.1.0,!=3.0.1,!=3.0.0, installed: 3.0.24]
    - wcwidth [required: Any, installed: 0.2.5]
  - pygments [required: Any, installed: 2.11.1]
  - setuptools [required: >=18.5, installed: 59.6.0]
  - traitlets [required: >=4.2, installed: 4.3.3]
    - decorator [required: Any, installed: 5.1.0]
    - ipython-genutils [required: Any, installed: 0.2.0]
    - six [required: Any, installed: 1.16.0]
