appnope==0.1.2
  - ipython==7.13.0 [requires: appnope]
backcall==0.2.0
  - ipython==7.13.0 [requires: backcall]
dataclasses==0.8
  - Werkzeug==2.0.2 [requires: dataclasses]
    - Flask==1.1.2 [requires: Werkzeug>=0.15]
      - Flask-Script==2.0.6 [requires: Flask]
decorator==5.1.0
  - ipython==7.13.0 [requires: decorator]
  - traitlets==4.3.3 [requires: decorator]
    - ipython==7.13.0 [requires: traitlets>=4.2]
gnureadline==8.0.0
ipython-genutils==0.2.0
  - traitlets==4.3.3 [requires: ipython-genutils]
    - ipython==7.13.0 [requires: traitlets>=4.2]
itsdangerous==2.0.1
  - Flask==1.1.2 [requires: itsdangerous>=0.24]
    - Flask-Script==2.0.6 [requires: Flask]
MarkupSafe==2.0.1
  - Jinja2==3.0.3 [requires: MarkupSafe>=2.0]
    - Flask==1.1.2 [requires: Jinja2>=2.10.1]
      - Flask-Script==2.0.6 [requires: Flask]
parso==0.8.3
  - jedi==0.18.1 [requires: parso>=0.8.0,<0.9.0]
    - ipython==7.13.0 [requires: jedi>=0.10]
pickleshare==0.7.5
  - ipython==7.13.0 [requires: pickleshare]
pip==21.3.1
  - pipdeptree==2.2.0 [requires: pip>=6.0.0]
ptyprocess==0.7.0
  - pexpect==4.8.0 [requires: ptyprocess>=0.5]
    - ipython==7.13.0 [requires: pexpect]
pygments==2.11.1
  - ipython==7.13.0 [requires: pygments]
pymongo==3.10.1
redis==3.4.1
setuptools==59.6.0
  - ipython==7.13.0 [requires: setuptools>=18.5]
six==1.16.0
  - traitlets==4.3.3 [requires: six]
    - ipython==7.13.0 [requires: traitlets>=4.2]
slugify==0.0.1
typing-extensions==4.0.1
  - importlib-metadata==4.8.3 [requires: typing-extensions>=3.6.4]
    - click==8.0.3 [requires: importlib-metadata]
      - Flask==1.1.2 [requires: click>=5.1]
        - Flask-Script==2.0.6 [requires: Flask]
wcwidth==0.2.5
  - prompt-toolkit==3.0.24 [requires: wcwidth]
    - ipython==7.13.0 [requires: prompt-toolkit>=2.0.0,<3.1.0,!=3.0.1,!=3.0.0]
wheel==0.37.1
zipp==3.6.0
  - importlib-metadata==4.8.3 [requires: zipp>=0.5]
    - click==8.0.3 [requires: importlib-metadata]
      - Flask==1.1.2 [requires: click>=5.1]
        - Flask-Script==2.0.6 [requires: Flask]
