argparse==1.4.0
itsdangerous==0.24
  - Flask==0.10.1 [requires: itsdangerous>=0.21]
MarkupSafe==0.22
  - Jinja2==3.0.3 [requires: MarkupSafe>=2.0]
    - Flask==0.10.1 [requires: Jinja2>=2.4]
pip==20.2.3
  - pipdeptree==2.2.0 [requires: pip>=6.0.0]
setuptools==59.6.0
Werkzeug==0.11.2
  - Flask==0.10.1 [requires: Werkzeug>=0.7]
wheel==0.37.1
